r=0.5 straight     S=0.1224772 exactPL=0.1224771 max|H|=9.2e-08 hausdorff=0.0e+00 restarts=0 (11s)
r=0.5 bowed_up     S=0.1224773 exactPL=0.1224773 max|H|=2.0e-07 hausdorff=1.5e-03 restarts=1 (196s)
r=0.5 bowed_down   S=0.1224773 exactPL=0.1224773 max|H|=2.2e-07 hausdorff=1.7e-03 restarts=0 (114s)
r=0.5 instanton_1d S=0.1224771 exactPL=0.1224771 max|H|=1.6e-07 hausdorff=2.0e-03 restarts=0 (7s)
r=1 straight     S=0.0952591 exactPL=0.0952591 max|H|=2.0e-07 hausdorff=0.0e+00 restarts=0 (8s)
r=1 bowed_up     S=0.0952593 exactPL=0.0952592 max|H|=2.2e-07 hausdorff=2.3e-03 restarts=0 (107s)
r=1 bowed_down   S=0.0952592 exactPL=0.0952591 max|H|=2.6e-07 hausdorff=2.0e-03 restarts=0 (8s)
r=1 instanton_1d S=0.0952591 exactPL=0.0952591 max|H|=2.2e-07 hausdorff=5.6e-04 restarts=0 (7s)
r=4 straight     S=0.0703128 exactPL=0.0703126 max|H|=5.9e-07 hausdorff=0.0e+00 restarts=0 (10s)
r=4 bowed_up     S=0.0703129 exactPL=0.0703126 max|H|=5.7e-07 hausdorff=1.2e-03 restarts=0 (7s)
r=4 bowed_down   S=0.0703128 exactPL=0.0703126 max|H|=5.9e-07 hausdorff=4.2e-04 restarts=0 (7s)
r=4 instanton_1d S=0.0703128 exactPL=0.0703126 max|H|=5.9e-07 hausdorff=1.1e-03 restarts=0 (6s)
r=16 straight     S=0.0636053 exactPL=0.0636049 max|H|=7.8e-07 hausdorff=0.0e+00 restarts=0 (8s)
r=16 bowed_up     S=0.0636053 exactPL=0.0636049 max|H|=8.0e-07 hausdorff=3.0e-03 restarts=0 (8s)
r=16 bowed_down   S=0.0636053 exactPL=0.0636049 max|H|=8.4e-07 hausdorff=3.6e-03 restarts=0 (8s)
r=16 instanton_1d S=0.0636053 exactPL=0.0636049 max|H|=8.1e-07 hausdorff=2.6e-03 restarts=0 (6s)
r=64 straight     S=0.0619347 exactPL=0.0619342 max|H|=9.0e-07 hausdorff=0.0e+00 restarts=0 (7s)
r=64 bowed_up     S=0.0619347 exactPL=0.0619342 max|H|=8.8e-07 hausdorff=3.8e-03 restarts=0 (7s)
r=64 bowed_down   S=0.0619347 exactPL=0.0619342 max|H|=8.4e-07 hausdorff=6.8e-05 restarts=0 (7s)
r=64 instanton_1d S=0.0619347 exactPL=0.0619342 max|H|=8.6e-07 hausdorff=2.0e-03 restarts=0 (7s)
